                                 Started job on |	Sep 30 12:54:28
                             Started mapping on |	Sep 30 12:54:28
                                    Finished on |	Sep 30 12:54:30
       Mapping speed, Million of reads per hour |	10.07

                          Number of input reads |	5592
                      Average input read length |	200
                                    UNIQUE READS:
                   Uniquely mapped reads number |	5458
                        Uniquely mapped reads % |	97.60%
                          Average mapped length |	200.00
                       Number of splices: Total |	2939
            Number of splices: Annotated (sjdb) |	2752
                       Number of splices: GT/AG |	2907
                       Number of splices: GC/AG |	32
                       Number of splices: AT/AC |	0
               Number of splices: Non-canonical |	0
                      Mismatch rate per base, % |	0.33%
                         Deletion rate per base |	0.00%
                        Deletion average length |	0.00
                        Insertion rate per base |	0.00%
                       Insertion average length |	0.00
                             MULTI-MAPPING READS:
        Number of reads mapped to multiple loci |	122
             % of reads mapped to multiple loci |	2.18%
        Number of reads mapped to too many loci |	0
             % of reads mapped to too many loci |	0.00%
                                  UNMAPPED READS:
       % of reads unmapped: too many mismatches |	0.07%
                 % of reads unmapped: too short |	0.02%
                     % of reads unmapped: other |	0.13%
                                  CHIMERIC READS:
                       Number of chimeric reads |	0
                            % of chimeric reads |	0.00%
