                                 Started job on |	Sep 30 12:54:31
                             Started mapping on |	Sep 30 12:54:31
                                    Finished on |	Sep 30 12:54:33
       Mapping speed, Million of reads per hour |	11.74

                          Number of input reads |	6520
                      Average input read length |	200
                                    UNIQUE READS:
                   Uniquely mapped reads number |	6318
                        Uniquely mapped reads % |	96.90%
                          Average mapped length |	200.00
                       Number of splices: Total |	3834
            Number of splices: Annotated (sjdb) |	3593
                       Number of splices: GT/AG |	3765
                       Number of splices: GC/AG |	69
                       Number of splices: AT/AC |	0
               Number of splices: Non-canonical |	0
                      Mismatch rate per base, % |	0.30%
                         Deletion rate per base |	0.00%
                        Deletion average length |	0.00
                        Insertion rate per base |	0.00%
                       Insertion average length |	0.00
                             MULTI-MAPPING READS:
        Number of reads mapped to multiple loci |	190
             % of reads mapped to multiple loci |	2.91%
        Number of reads mapped to too many loci |	0
             % of reads mapped to too many loci |	0.00%
                                  UNMAPPED READS:
       % of reads unmapped: too many mismatches |	0.06%
                 % of reads unmapped: too short |	0.00%
                     % of reads unmapped: other |	0.12%
                                  CHIMERIC READS:
                       Number of chimeric reads |	0
                            % of chimeric reads |	0.00%
