                                 Started job on |	Sep 30 12:54:33
                             Started mapping on |	Sep 30 12:54:33
                                    Finished on |	Sep 30 12:54:34
       Mapping speed, Million of reads per hour |	29.77

                          Number of input reads |	8269
                      Average input read length |	200
                                    UNIQUE READS:
                   Uniquely mapped reads number |	8079
                        Uniquely mapped reads % |	97.70%
                          Average mapped length |	200.00
                       Number of splices: Total |	5112
            Number of splices: Annotated (sjdb) |	4735
                       Number of splices: GT/AG |	5027
                       Number of splices: GC/AG |	85
                       Number of splices: AT/AC |	0
               Number of splices: Non-canonical |	0
                      Mismatch rate per base, % |	0.30%
                         Deletion rate per base |	0.00%
                        Deletion average length |	0.00
                        Insertion rate per base |	0.00%
                       Insertion average length |	0.00
                             MULTI-MAPPING READS:
        Number of reads mapped to multiple loci |	179
             % of reads mapped to multiple loci |	2.16%
        Number of reads mapped to too many loci |	0
             % of reads mapped to too many loci |	0.00%
                                  UNMAPPED READS:
       % of reads unmapped: too many mismatches |	0.04%
                 % of reads unmapped: too short |	0.00%
                     % of reads unmapped: other |	0.10%
                                  CHIMERIC READS:
                       Number of chimeric reads |	0
                            % of chimeric reads |	0.00%
